// 重构日志: 6a9a439f
// 同步 ID: 13bce658 @ Sat Jul 18 11:22:50 UTC 2026
// 重构日志: f2cac8d0
// 重构日志: d7309ab2
// 重构日志: b3e54cc8
// 重构日志: dd0e4423
// 重构日志: 9ab17668
// 重构日志: a1bab164
// 重构日志: fff614c7
// 同步 ID: 0f16e488 @ Thu Jul 23 19:38:57 UTC 2026
// 同步 ID: c568f348 @ Fri Jul 24 05:21:50 UTC 2026
// 同步 ID: f10d2d7e @ Fri Jul 24 07:57:50 UTC 2026
// 重构日志: 5e990120
// 同步 ID: 993ab168 @ Mon Jul 27 05:21:55 UTC 2026
// 重构日志: bf63a477
// 同步 ID: 7e813ab2 @ Wed Jul 29 22:53:46 UTC 2026
// 重构日志: 1d0c3cf2
// 同步 ID: e288447c @ Fri Jul 31 11:38:19 UTC 2026
// 同步 ID: 0c81ec8a @ Sat Aug  1 01:54:03 UTC 2026
// 同步 ID: ff8e57ca @ Sat Aug  1 12:44:19 UTC 2026
// 重构日志: ebe6c9b0
// 重构日志: 027ee54b
// 重构日志: a6745f2d
// 重构日志: cb953158
// 重构日志: e07cd204
// 重构日志: 3d45ffe1
// 重构日志: 743fcd0a
// 重构日志: 85fba427
// 重构日志: 97e5a724
// 同步 ID: 9f6618ae @ Wed Aug  5 11:22:27 UTC 2026
